// Jest Snapshot v1, https://goo.gl/fbAQLP

exports[`<DashboardPage /> should render page 1`] = `
ShallowWrapper {
  "length": 1,
  Symbol(enzyme.__root__): [Circular],
  Symbol(enzyme.__unrendered__): <DashboardPage
    handleSubmit={[Function]}
/>,
  Symbol(enzyme.__renderer__): Object {
    "batchedUpdates": [Function],
    "getNode": [Function],
    "render": [Function],
    "simulateEvent": [Function],
    "unmount": [Function],
  },
  Symbol(enzyme.__node__): Object {
    "instance": null,
    "key": undefined,
    "nodeType": "host",
    "props": Object {
      "children": Array [
        <h2
          className="f2 tracked"
>
          Dashboard
</h2>,
        <form
          method="POST"
          onSubmit={undefined}
>
          <label
                    className="tracked"
                    htmlFor="firstName"
          >
                    What kind of plant?
          </label>
          <Field
                    className="db mb4 mt2 w-90 w-70-m w-50-ns pa2"
                    component="input"
                    name="plantName"
                    placeholder="Tomato"
                    required={true}
                    type="text"
          />
          <label
                    className="tracked"
                    htmlFor="plantDate"
          >
                    When was it planted?
          </label>
          <Field
                    className="db mb4 mt2 w-90 w-70-m w-50-ns pa2"
                    component="input"
                    name="plantDate"
                    placeholder="Late February"
                    required={true}
                    type="text"
          />
          <label
                    className="tracked"
                    htmlFor="numberPlanted"
          >
                    How many were planted?
          </label>
          <Field
                    className="db mb4 mt2 w-90 w-70-m w-50-ns pa2"
                    component="input"
                    max={100}
                    min={1}
                    name="numberPlanted"
                    type="number"
                    value={1}
          />
          <label
                    className="tracked"
                    htmlFor="plantLocation"
          >
                    Where is it planted?
          </label>
          <Field
                    className="db mb4 mt2 w-90 w-70-m w-50-ns pa2"
                    component="input"
                    name="plantLocation"
                    placeholder="Front porch"
                    required={true}
                    type="text"
          />
          <label
                    className="tracked"
                    htmlFor="waterFrequency"
          >
                    How often should you water?
          </label>
          <label
                    className="db"
          >
                    <Field
                              component="input"
                              name="waterFrequency"
                              type="radio"
                              value="Once a day"
                    />
                     
                     
                     Once a day
          </label>
          <label
                    className="db"
          >
                    <Field
                              component="input"
                              name="waterFrequency"
                              type="radio"
                              value="Once a week"
                    />
                     
                     
                     Once a week
          </label>
          <label
                    className="db"
          >
                    <Field
                              component="input"
                              name="waterFrequency"
                              type="radio"
                              value="Once a month"
                    />
                     
                     
                     Once a month
          </label>
          <button
                    className="w-90 w-70-m w-50-ns f4 link dim ba bw2 ph3 pv2 mt3 mb2 dib near-black"
                    type="submit"
          >
                    Submit
          </button>
</form>,
      ],
      "className": "dark-gray bg-dark-green w-100 w-80-m w-60-ns mt5 mt7-m mt6-ns mb5 ml7-ns ml5-m ba-ns bw3-ns b--green pl6-ns pl4-m pl4 pb4",
    },
    "ref": null,
    "rendered": Array [
      Object {
        "instance": null,
        "key": undefined,
        "nodeType": "host",
        "props": Object {
          "children": "Dashboard",
          "className": "f2 tracked",
        },
        "ref": null,
        "rendered": "Dashboard",
        "type": "h2",
      },
      Object {
        "instance": null,
        "key": undefined,
        "nodeType": "host",
        "props": Object {
          "children": Array [
            <label
              className="tracked"
              htmlFor="firstName"
>
              What kind of plant?
</label>,
            <Field
              className="db mb4 mt2 w-90 w-70-m w-50-ns pa2"
              component="input"
              name="plantName"
              placeholder="Tomato"
              required={true}
              type="text"
/>,
            <label
              className="tracked"
              htmlFor="plantDate"
>
              When was it planted?
</label>,
            <Field
              className="db mb4 mt2 w-90 w-70-m w-50-ns pa2"
              component="input"
              name="plantDate"
              placeholder="Late February"
              required={true}
              type="text"
/>,
            <label
              className="tracked"
              htmlFor="numberPlanted"
>
              How many were planted?
</label>,
            <Field
              className="db mb4 mt2 w-90 w-70-m w-50-ns pa2"
              component="input"
              max={100}
              min={1}
              name="numberPlanted"
              type="number"
              value={1}
/>,
            <label
              className="tracked"
              htmlFor="plantLocation"
>
              Where is it planted?
</label>,
            <Field
              className="db mb4 mt2 w-90 w-70-m w-50-ns pa2"
              component="input"
              name="plantLocation"
              placeholder="Front porch"
              required={true}
              type="text"
/>,
            <label
              className="tracked"
              htmlFor="waterFrequency"
>
              How often should you water?
</label>,
            <label
              className="db"
>
              <Field
                            component="input"
                            name="waterFrequency"
                            type="radio"
                            value="Once a day"
              />
               
               
               Once a day
</label>,
            <label
              className="db"
>
              <Field
                            component="input"
                            name="waterFrequency"
                            type="radio"
                            value="Once a week"
              />
               
               
               Once a week
</label>,
            <label
              className="db"
>
              <Field
                            component="input"
                            name="waterFrequency"
                            type="radio"
                            value="Once a month"
              />
               
               
               Once a month
</label>,
            <button
              className="w-90 w-70-m w-50-ns f4 link dim ba bw2 ph3 pv2 mt3 mb2 dib near-black"
              type="submit"
>
              Submit
</button>,
          ],
          "method": "POST",
          "onSubmit": undefined,
        },
        "ref": null,
        "rendered": Array [
          Object {
            "instance": null,
            "key": undefined,
            "nodeType": "host",
            "props": Object {
              "children": "What kind of plant?",
              "className": "tracked",
              "htmlFor": "firstName",
            },
            "ref": null,
            "rendered": "What kind of plant?",
            "type": "label",
          },
          Object {
            "instance": null,
            "key": undefined,
            "nodeType": "class",
            "props": Object {
              "className": "db mb4 mt2 w-90 w-70-m w-50-ns pa2",
              "component": "input",
              "name": "plantName",
              "placeholder": "Tomato",
              "required": true,
              "type": "text",
            },
            "ref": null,
            "rendered": null,
            "type": [Function],
          },
          Object {
            "instance": null,
            "key": undefined,
            "nodeType": "host",
            "props": Object {
              "children": "When was it planted?",
              "className": "tracked",
              "htmlFor": "plantDate",
            },
            "ref": null,
            "rendered": "When was it planted?",
            "type": "label",
          },
          Object {
            "instance": null,
            "key": undefined,
            "nodeType": "class",
            "props": Object {
              "className": "db mb4 mt2 w-90 w-70-m w-50-ns pa2",
              "component": "input",
              "name": "plantDate",
              "placeholder": "Late February",
              "required": true,
              "type": "text",
            },
            "ref": null,
            "rendered": null,
            "type": [Function],
          },
          Object {
            "instance": null,
            "key": undefined,
            "nodeType": "host",
            "props": Object {
              "children": "How many were planted?",
              "className": "tracked",
              "htmlFor": "numberPlanted",
            },
            "ref": null,
            "rendered": "How many were planted?",
            "type": "label",
          },
          Object {
            "instance": null,
            "key": undefined,
            "nodeType": "class",
            "props": Object {
              "className": "db mb4 mt2 w-90 w-70-m w-50-ns pa2",
              "component": "input",
              "max": 100,
              "min": 1,
              "name": "numberPlanted",
              "type": "number",
              "value": 1,
            },
            "ref": null,
            "rendered": null,
            "type": [Function],
          },
          Object {
            "instance": null,
            "key": undefined,
            "nodeType": "host",
            "props": Object {
              "children": "Where is it planted?",
              "className": "tracked",
              "htmlFor": "plantLocation",
            },
            "ref": null,
            "rendered": "Where is it planted?",
            "type": "label",
          },
          Object {
            "instance": null,
            "key": undefined,
            "nodeType": "class",
            "props": Object {
              "className": "db mb4 mt2 w-90 w-70-m w-50-ns pa2",
              "component": "input",
              "name": "plantLocation",
              "placeholder": "Front porch",
              "required": true,
              "type": "text",
            },
            "ref": null,
            "rendered": null,
            "type": [Function],
          },
          Object {
            "instance": null,
            "key": undefined,
            "nodeType": "host",
            "props": Object {
              "children": "How often should you water?",
              "className": "tracked",
              "htmlFor": "waterFrequency",
            },
            "ref": null,
            "rendered": "How often should you water?",
            "type": "label",
          },
          Object {
            "instance": null,
            "key": undefined,
            "nodeType": "host",
            "props": Object {
              "children": Array [
                <Field
                  component="input"
                  name="waterFrequency"
                  type="radio"
                  value="Once a day"
/>,
                " ",
                " ",
                " Once a day",
              ],
              "className": "db",
            },
            "ref": null,
            "rendered": Array [
              Object {
                "instance": null,
                "key": undefined,
                "nodeType": "class",
                "props": Object {
                  "component": "input",
                  "name": "waterFrequency",
                  "type": "radio",
                  "value": "Once a day",
                },
                "ref": null,
                "rendered": null,
                "type": [Function],
              },
              " ",
              " ",
              " Once a day",
            ],
            "type": "label",
          },
          Object {
            "instance": null,
            "key": undefined,
            "nodeType": "host",
            "props": Object {
              "children": Array [
                <Field
                  component="input"
                  name="waterFrequency"
                  type="radio"
                  value="Once a week"
/>,
                " ",
                " ",
                " Once a week",
              ],
              "className": "db",
            },
            "ref": null,
            "rendered": Array [
              Object {
                "instance": null,
                "key": undefined,
                "nodeType": "class",
                "props": Object {
                  "component": "input",
                  "name": "waterFrequency",
                  "type": "radio",
                  "value": "Once a week",
                },
                "ref": null,
                "rendered": null,
                "type": [Function],
              },
              " ",
              " ",
              " Once a week",
            ],
            "type": "label",
          },
          Object {
            "instance": null,
            "key": undefined,
            "nodeType": "host",
            "props": Object {
              "children": Array [
                <Field
                  component="input"
                  name="waterFrequency"
                  type="radio"
                  value="Once a month"
/>,
                " ",
                " ",
                " Once a month",
              ],
              "className": "db",
            },
            "ref": null,
            "rendered": Array [
              Object {
                "instance": null,
                "key": undefined,
                "nodeType": "class",
                "props": Object {
                  "component": "input",
                  "name": "waterFrequency",
                  "type": "radio",
                  "value": "Once a month",
                },
                "ref": null,
                "rendered": null,
                "type": [Function],
              },
              " ",
              " ",
              " Once a month",
            ],
            "type": "label",
          },
          Object {
            "instance": null,
            "key": undefined,
            "nodeType": "host",
            "props": Object {
              "children": "Submit",
              "className": "w-90 w-70-m w-50-ns f4 link dim ba bw2 ph3 pv2 mt3 mb2 dib near-black",
              "type": "submit",
            },
            "ref": null,
            "rendered": "Submit",
            "type": "button",
          },
        ],
        "type": "form",
      },
    ],
    "type": "div",
  },
  Symbol(enzyme.__nodes__): Array [
    Object {
      "instance": null,
      "key": undefined,
      "nodeType": "host",
      "props": Object {
        "children": Array [
          <h2
            className="f2 tracked"
>
            Dashboard
</h2>,
          <form
            method="POST"
            onSubmit={undefined}
>
            <label
                        className="tracked"
                        htmlFor="firstName"
            >
                        What kind of plant?
            </label>
            <Field
                        className="db mb4 mt2 w-90 w-70-m w-50-ns pa2"
                        component="input"
                        name="plantName"
                        placeholder="Tomato"
                        required={true}
                        type="text"
            />
            <label
                        className="tracked"
                        htmlFor="plantDate"
            >
                        When was it planted?
            </label>
            <Field
                        className="db mb4 mt2 w-90 w-70-m w-50-ns pa2"
                        component="input"
                        name="plantDate"
                        placeholder="Late February"
                        required={true}
                        type="text"
            />
            <label
                        className="tracked"
                        htmlFor="numberPlanted"
            >
                        How many were planted?
            </label>
            <Field
                        className="db mb4 mt2 w-90 w-70-m w-50-ns pa2"
                        component="input"
                        max={100}
                        min={1}
                        name="numberPlanted"
                        type="number"
                        value={1}
            />
            <label
                        className="tracked"
                        htmlFor="plantLocation"
            >
                        Where is it planted?
            </label>
            <Field
                        className="db mb4 mt2 w-90 w-70-m w-50-ns pa2"
                        component="input"
                        name="plantLocation"
                        placeholder="Front porch"
                        required={true}
                        type="text"
            />
            <label
                        className="tracked"
                        htmlFor="waterFrequency"
            >
                        How often should you water?
            </label>
            <label
                        className="db"
            >
                        <Field
                                    component="input"
                                    name="waterFrequency"
                                    type="radio"
                                    value="Once a day"
                        />
                         
                         
                         Once a day
            </label>
            <label
                        className="db"
            >
                        <Field
                                    component="input"
                                    name="waterFrequency"
                                    type="radio"
                                    value="Once a week"
                        />
                         
                         
                         Once a week
            </label>
            <label
                        className="db"
            >
                        <Field
                                    component="input"
                                    name="waterFrequency"
                                    type="radio"
                                    value="Once a month"
                        />
                         
                         
                         Once a month
            </label>
            <button
                        className="w-90 w-70-m w-50-ns f4 link dim ba bw2 ph3 pv2 mt3 mb2 dib near-black"
                        type="submit"
            >
                        Submit
            </button>
</form>,
        ],
        "className": "dark-gray bg-dark-green w-100 w-80-m w-60-ns mt5 mt7-m mt6-ns mb5 ml7-ns ml5-m ba-ns bw3-ns b--green pl6-ns pl4-m pl4 pb4",
      },
      "ref": null,
      "rendered": Array [
        Object {
          "instance": null,
          "key": undefined,
          "nodeType": "host",
          "props": Object {
            "children": "Dashboard",
            "className": "f2 tracked",
          },
          "ref": null,
          "rendered": "Dashboard",
          "type": "h2",
        },
        Object {
          "instance": null,
          "key": undefined,
          "nodeType": "host",
          "props": Object {
            "children": Array [
              <label
                className="tracked"
                htmlFor="firstName"
>
                What kind of plant?
</label>,
              <Field
                className="db mb4 mt2 w-90 w-70-m w-50-ns pa2"
                component="input"
                name="plantName"
                placeholder="Tomato"
                required={true}
                type="text"
/>,
              <label
                className="tracked"
                htmlFor="plantDate"
>
                When was it planted?
</label>,
              <Field
                className="db mb4 mt2 w-90 w-70-m w-50-ns pa2"
                component="input"
                name="plantDate"
                placeholder="Late February"
                required={true}
                type="text"
/>,
              <label
                className="tracked"
                htmlFor="numberPlanted"
>
                How many were planted?
</label>,
              <Field
                className="db mb4 mt2 w-90 w-70-m w-50-ns pa2"
                component="input"
                max={100}
                min={1}
                name="numberPlanted"
                type="number"
                value={1}
/>,
              <label
                className="tracked"
                htmlFor="plantLocation"
>
                Where is it planted?
</label>,
              <Field
                className="db mb4 mt2 w-90 w-70-m w-50-ns pa2"
                component="input"
                name="plantLocation"
                placeholder="Front porch"
                required={true}
                type="text"
/>,
              <label
                className="tracked"
                htmlFor="waterFrequency"
>
                How often should you water?
</label>,
              <label
                className="db"
>
                <Field
                                component="input"
                                name="waterFrequency"
                                type="radio"
                                value="Once a day"
                />
                 
                 
                 Once a day
</label>,
              <label
                className="db"
>
                <Field
                                component="input"
                                name="waterFrequency"
                                type="radio"
                                value="Once a week"
                />
                 
                 
                 Once a week
</label>,
              <label
                className="db"
>
                <Field
                                component="input"
                                name="waterFrequency"
                                type="radio"
                                value="Once a month"
                />
                 
                 
                 Once a month
</label>,
              <button
                className="w-90 w-70-m w-50-ns f4 link dim ba bw2 ph3 pv2 mt3 mb2 dib near-black"
                type="submit"
>
                Submit
</button>,
            ],
            "method": "POST",
            "onSubmit": undefined,
          },
          "ref": null,
          "rendered": Array [
            Object {
              "instance": null,
              "key": undefined,
              "nodeType": "host",
              "props": Object {
                "children": "What kind of plant?",
                "className": "tracked",
                "htmlFor": "firstName",
              },
              "ref": null,
              "rendered": "What kind of plant?",
              "type": "label",
            },
            Object {
              "instance": null,
              "key": undefined,
              "nodeType": "class",
              "props": Object {
                "className": "db mb4 mt2 w-90 w-70-m w-50-ns pa2",
                "component": "input",
                "name": "plantName",
                "placeholder": "Tomato",
                "required": true,
                "type": "text",
              },
              "ref": null,
              "rendered": null,
              "type": [Function],
            },
            Object {
              "instance": null,
              "key": undefined,
              "nodeType": "host",
              "props": Object {
                "children": "When was it planted?",
                "className": "tracked",
                "htmlFor": "plantDate",
              },
              "ref": null,
              "rendered": "When was it planted?",
              "type": "label",
            },
            Object {
              "instance": null,
              "key": undefined,
              "nodeType": "class",
              "props": Object {
                "className": "db mb4 mt2 w-90 w-70-m w-50-ns pa2",
                "component": "input",
                "name": "plantDate",
                "placeholder": "Late February",
                "required": true,
                "type": "text",
              },
              "ref": null,
              "rendered": null,
              "type": [Function],
            },
            Object {
              "instance": null,
              "key": undefined,
              "nodeType": "host",
              "props": Object {
                "children": "How many were planted?",
                "className": "tracked",
                "htmlFor": "numberPlanted",
              },
              "ref": null,
              "rendered": "How many were planted?",
              "type": "label",
            },
            Object {
              "instance": null,
              "key": undefined,
              "nodeType": "class",
              "props": Object {
                "className": "db mb4 mt2 w-90 w-70-m w-50-ns pa2",
                "component": "input",
                "max": 100,
                "min": 1,
                "name": "numberPlanted",
                "type": "number",
                "value": 1,
              },
              "ref": null,
              "rendered": null,
              "type": [Function],
            },
            Object {
              "instance": null,
              "key": undefined,
              "nodeType": "host",
              "props": Object {
                "children": "Where is it planted?",
                "className": "tracked",
                "htmlFor": "plantLocation",
              },
              "ref": null,
              "rendered": "Where is it planted?",
              "type": "label",
            },
            Object {
              "instance": null,
              "key": undefined,
              "nodeType": "class",
              "props": Object {
                "className": "db mb4 mt2 w-90 w-70-m w-50-ns pa2",
                "component": "input",
                "name": "plantLocation",
                "placeholder": "Front porch",
                "required": true,
                "type": "text",
              },
              "ref": null,
              "rendered": null,
              "type": [Function],
            },
            Object {
              "instance": null,
              "key": undefined,
              "nodeType": "host",
              "props": Object {
                "children": "How often should you water?",
                "className": "tracked",
                "htmlFor": "waterFrequency",
              },
              "ref": null,
              "rendered": "How often should you water?",
              "type": "label",
            },
            Object {
              "instance": null,
              "key": undefined,
              "nodeType": "host",
              "props": Object {
                "children": Array [
                  <Field
                    component="input"
                    name="waterFrequency"
                    type="radio"
                    value="Once a day"
/>,
                  " ",
                  " ",
                  " Once a day",
                ],
                "className": "db",
              },
              "ref": null,
              "rendered": Array [
                Object {
                  "instance": null,
                  "key": undefined,
                  "nodeType": "class",
                  "props": Object {
                    "component": "input",
                    "name": "waterFrequency",
                    "type": "radio",
                    "value": "Once a day",
                  },
                  "ref": null,
                  "rendered": null,
                  "type": [Function],
                },
                " ",
                " ",
                " Once a day",
              ],
              "type": "label",
            },
            Object {
              "instance": null,
              "key": undefined,
              "nodeType": "host",
              "props": Object {
                "children": Array [
                  <Field
                    component="input"
                    name="waterFrequency"
                    type="radio"
                    value="Once a week"
/>,
                  " ",
                  " ",
                  " Once a week",
                ],
                "className": "db",
              },
              "ref": null,
              "rendered": Array [
                Object {
                  "instance": null,
                  "key": undefined,
                  "nodeType": "class",
                  "props": Object {
                    "component": "input",
                    "name": "waterFrequency",
                    "type": "radio",
                    "value": "Once a week",
                  },
                  "ref": null,
                  "rendered": null,
                  "type": [Function],
                },
                " ",
                " ",
                " Once a week",
              ],
              "type": "label",
            },
            Object {
              "instance": null,
              "key": undefined,
              "nodeType": "host",
              "props": Object {
                "children": Array [
                  <Field
                    component="input"
                    name="waterFrequency"
                    type="radio"
                    value="Once a month"
/>,
                  " ",
                  " ",
                  " Once a month",
                ],
                "className": "db",
              },
              "ref": null,
              "rendered": Array [
                Object {
                  "instance": null,
                  "key": undefined,
                  "nodeType": "class",
                  "props": Object {
                    "component": "input",
                    "name": "waterFrequency",
                    "type": "radio",
                    "value": "Once a month",
                  },
                  "ref": null,
                  "rendered": null,
                  "type": [Function],
                },
                " ",
                " ",
                " Once a month",
              ],
              "type": "label",
            },
            Object {
              "instance": null,
              "key": undefined,
              "nodeType": "host",
              "props": Object {
                "children": "Submit",
                "className": "w-90 w-70-m w-50-ns f4 link dim ba bw2 ph3 pv2 mt3 mb2 dib near-black",
                "type": "submit",
              },
              "ref": null,
              "rendered": "Submit",
              "type": "button",
            },
          ],
          "type": "form",
        },
      ],
      "type": "div",
    },
  ],
  Symbol(enzyme.__options__): Object {
    "adapter": ReactSixteenAdapter {
      "options": Object {
        "enableComponentDidUpdateOnSetState": true,
      },
    },
  },
}
`;
