// Jest Snapshot v1, https://goo.gl/fbAQLP

exports[`<SignupPage /> should render page 1`] = `
ShallowWrapper {
  "length": 1,
  Symbol(enzyme.__root__): [Circular],
  Symbol(enzyme.__unrendered__): <SignupPage
    handleSubmit={[Function]}
/>,
  Symbol(enzyme.__renderer__): Object {
    "batchedUpdates": [Function],
    "getNode": [Function],
    "render": [Function],
    "simulateEvent": [Function],
    "unmount": [Function],
  },
  Symbol(enzyme.__node__): Object {
    "instance": null,
    "key": undefined,
    "nodeType": "host",
    "props": Object {
      "children": Array [
        <h2
          className="f2 tracked"
>
          Sign up
</h2>,
        <form
          method="POST"
          onSubmit={undefined}
>
          <label
                    className="tracked"
                    htmlFor="firstName"
          >
                    First Name
          </label>
          <Field
                    className="db mb4 mt2 w-100 w-70-m w-50-ns pa2"
                    component="input"
                    name="firstName"
                    placeholder="Bud"
                    required={true}
                    type="text"
          />
          <label
                    className="tracked"
                    htmlFor="email"
          >
                    Email
          </label>
          <Field
                    className="db mb4 mt2 w-100 w-70-m w-50-ns pa2"
                    component="input"
                    name="email"
                    placeholder="sprout@email.com"
                    required={true}
                    type="email"
          />
          <label
                    className="tracked"
                    htmlFor="password"
          >
                    Password
          </label>
          <Field
                    className="db mb4 mt2 w-100 w-70-m w-50-ns pa2"
                    component="input"
                    name="password"
                    required={true}
                    type="password"
          />
          <button
                    className="w-100 w-70-m w-50-ns f4 link dim ba bw2 ph3 pv2 mt3 mb2 dib near-black"
                    type="submit"
          >
                    Sign up
          </button>
</form>,
      ],
      "className": "dark-gray bg-dark-green w-90 w-80-m w-60-ns mt7-m mt6-ns ml7-ns ml5-m ba-ns bw3-ns b--green pl6-ns pl4-m pl4 pb4",
    },
    "ref": null,
    "rendered": Array [
      Object {
        "instance": null,
        "key": undefined,
        "nodeType": "host",
        "props": Object {
          "children": "Sign up",
          "className": "f2 tracked",
        },
        "ref": null,
        "rendered": "Sign up",
        "type": "h2",
      },
      Object {
        "instance": null,
        "key": undefined,
        "nodeType": "host",
        "props": Object {
          "children": Array [
            <label
              className="tracked"
              htmlFor="firstName"
>
              First Name
</label>,
            <Field
              className="db mb4 mt2 w-100 w-70-m w-50-ns pa2"
              component="input"
              name="firstName"
              placeholder="Bud"
              required={true}
              type="text"
/>,
            <label
              className="tracked"
              htmlFor="email"
>
              Email
</label>,
            <Field
              className="db mb4 mt2 w-100 w-70-m w-50-ns pa2"
              component="input"
              name="email"
              placeholder="sprout@email.com"
              required={true}
              type="email"
/>,
            <label
              className="tracked"
              htmlFor="password"
>
              Password
</label>,
            <Field
              className="db mb4 mt2 w-100 w-70-m w-50-ns pa2"
              component="input"
              name="password"
              required={true}
              type="password"
/>,
            <button
              className="w-100 w-70-m w-50-ns f4 link dim ba bw2 ph3 pv2 mt3 mb2 dib near-black"
              type="submit"
>
              Sign up
</button>,
          ],
          "method": "POST",
          "onSubmit": undefined,
        },
        "ref": null,
        "rendered": Array [
          Object {
            "instance": null,
            "key": undefined,
            "nodeType": "host",
            "props": Object {
              "children": "First Name",
              "className": "tracked",
              "htmlFor": "firstName",
            },
            "ref": null,
            "rendered": "First Name",
            "type": "label",
          },
          Object {
            "instance": null,
            "key": undefined,
            "nodeType": "class",
            "props": Object {
              "className": "db mb4 mt2 w-100 w-70-m w-50-ns pa2",
              "component": "input",
              "name": "firstName",
              "placeholder": "Bud",
              "required": true,
              "type": "text",
            },
            "ref": null,
            "rendered": null,
            "type": [Function],
          },
          Object {
            "instance": null,
            "key": undefined,
            "nodeType": "host",
            "props": Object {
              "children": "Email",
              "className": "tracked",
              "htmlFor": "email",
            },
            "ref": null,
            "rendered": "Email",
            "type": "label",
          },
          Object {
            "instance": null,
            "key": undefined,
            "nodeType": "class",
            "props": Object {
              "className": "db mb4 mt2 w-100 w-70-m w-50-ns pa2",
              "component": "input",
              "name": "email",
              "placeholder": "sprout@email.com",
              "required": true,
              "type": "email",
            },
            "ref": null,
            "rendered": null,
            "type": [Function],
          },
          Object {
            "instance": null,
            "key": undefined,
            "nodeType": "host",
            "props": Object {
              "children": "Password",
              "className": "tracked",
              "htmlFor": "password",
            },
            "ref": null,
            "rendered": "Password",
            "type": "label",
          },
          Object {
            "instance": null,
            "key": undefined,
            "nodeType": "class",
            "props": Object {
              "className": "db mb4 mt2 w-100 w-70-m w-50-ns pa2",
              "component": "input",
              "name": "password",
              "required": true,
              "type": "password",
            },
            "ref": null,
            "rendered": null,
            "type": [Function],
          },
          Object {
            "instance": null,
            "key": undefined,
            "nodeType": "host",
            "props": Object {
              "children": "Sign up",
              "className": "w-100 w-70-m w-50-ns f4 link dim ba bw2 ph3 pv2 mt3 mb2 dib near-black",
              "type": "submit",
            },
            "ref": null,
            "rendered": "Sign up",
            "type": "button",
          },
        ],
        "type": "form",
      },
    ],
    "type": "div",
  },
  Symbol(enzyme.__nodes__): Array [
    Object {
      "instance": null,
      "key": undefined,
      "nodeType": "host",
      "props": Object {
        "children": Array [
          <h2
            className="f2 tracked"
>
            Sign up
</h2>,
          <form
            method="POST"
            onSubmit={undefined}
>
            <label
                        className="tracked"
                        htmlFor="firstName"
            >
                        First Name
            </label>
            <Field
                        className="db mb4 mt2 w-100 w-70-m w-50-ns pa2"
                        component="input"
                        name="firstName"
                        placeholder="Bud"
                        required={true}
                        type="text"
            />
            <label
                        className="tracked"
                        htmlFor="email"
            >
                        Email
            </label>
            <Field
                        className="db mb4 mt2 w-100 w-70-m w-50-ns pa2"
                        component="input"
                        name="email"
                        placeholder="sprout@email.com"
                        required={true}
                        type="email"
            />
            <label
                        className="tracked"
                        htmlFor="password"
            >
                        Password
            </label>
            <Field
                        className="db mb4 mt2 w-100 w-70-m w-50-ns pa2"
                        component="input"
                        name="password"
                        required={true}
                        type="password"
            />
            <button
                        className="w-100 w-70-m w-50-ns f4 link dim ba bw2 ph3 pv2 mt3 mb2 dib near-black"
                        type="submit"
            >
                        Sign up
            </button>
</form>,
        ],
        "className": "dark-gray bg-dark-green w-90 w-80-m w-60-ns mt7-m mt6-ns ml7-ns ml5-m ba-ns bw3-ns b--green pl6-ns pl4-m pl4 pb4",
      },
      "ref": null,
      "rendered": Array [
        Object {
          "instance": null,
          "key": undefined,
          "nodeType": "host",
          "props": Object {
            "children": "Sign up",
            "className": "f2 tracked",
          },
          "ref": null,
          "rendered": "Sign up",
          "type": "h2",
        },
        Object {
          "instance": null,
          "key": undefined,
          "nodeType": "host",
          "props": Object {
            "children": Array [
              <label
                className="tracked"
                htmlFor="firstName"
>
                First Name
</label>,
              <Field
                className="db mb4 mt2 w-100 w-70-m w-50-ns pa2"
                component="input"
                name="firstName"
                placeholder="Bud"
                required={true}
                type="text"
/>,
              <label
                className="tracked"
                htmlFor="email"
>
                Email
</label>,
              <Field
                className="db mb4 mt2 w-100 w-70-m w-50-ns pa2"
                component="input"
                name="email"
                placeholder="sprout@email.com"
                required={true}
                type="email"
/>,
              <label
                className="tracked"
                htmlFor="password"
>
                Password
</label>,
              <Field
                className="db mb4 mt2 w-100 w-70-m w-50-ns pa2"
                component="input"
                name="password"
                required={true}
                type="password"
/>,
              <button
                className="w-100 w-70-m w-50-ns f4 link dim ba bw2 ph3 pv2 mt3 mb2 dib near-black"
                type="submit"
>
                Sign up
</button>,
            ],
            "method": "POST",
            "onSubmit": undefined,
          },
          "ref": null,
          "rendered": Array [
            Object {
              "instance": null,
              "key": undefined,
              "nodeType": "host",
              "props": Object {
                "children": "First Name",
                "className": "tracked",
                "htmlFor": "firstName",
              },
              "ref": null,
              "rendered": "First Name",
              "type": "label",
            },
            Object {
              "instance": null,
              "key": undefined,
              "nodeType": "class",
              "props": Object {
                "className": "db mb4 mt2 w-100 w-70-m w-50-ns pa2",
                "component": "input",
                "name": "firstName",
                "placeholder": "Bud",
                "required": true,
                "type": "text",
              },
              "ref": null,
              "rendered": null,
              "type": [Function],
            },
            Object {
              "instance": null,
              "key": undefined,
              "nodeType": "host",
              "props": Object {
                "children": "Email",
                "className": "tracked",
                "htmlFor": "email",
              },
              "ref": null,
              "rendered": "Email",
              "type": "label",
            },
            Object {
              "instance": null,
              "key": undefined,
              "nodeType": "class",
              "props": Object {
                "className": "db mb4 mt2 w-100 w-70-m w-50-ns pa2",
                "component": "input",
                "name": "email",
                "placeholder": "sprout@email.com",
                "required": true,
                "type": "email",
              },
              "ref": null,
              "rendered": null,
              "type": [Function],
            },
            Object {
              "instance": null,
              "key": undefined,
              "nodeType": "host",
              "props": Object {
                "children": "Password",
                "className": "tracked",
                "htmlFor": "password",
              },
              "ref": null,
              "rendered": "Password",
              "type": "label",
            },
            Object {
              "instance": null,
              "key": undefined,
              "nodeType": "class",
              "props": Object {
                "className": "db mb4 mt2 w-100 w-70-m w-50-ns pa2",
                "component": "input",
                "name": "password",
                "required": true,
                "type": "password",
              },
              "ref": null,
              "rendered": null,
              "type": [Function],
            },
            Object {
              "instance": null,
              "key": undefined,
              "nodeType": "host",
              "props": Object {
                "children": "Sign up",
                "className": "w-100 w-70-m w-50-ns f4 link dim ba bw2 ph3 pv2 mt3 mb2 dib near-black",
                "type": "submit",
              },
              "ref": null,
              "rendered": "Sign up",
              "type": "button",
            },
          ],
          "type": "form",
        },
      ],
      "type": "div",
    },
  ],
  Symbol(enzyme.__options__): Object {
    "adapter": ReactSixteenAdapter {
      "options": Object {
        "enableComponentDidUpdateOnSetState": true,
      },
    },
  },
}
`;
